<?xml version="1.0" encoding="utf-8"?><testsuites name="pytest tests"><testsuite name="pytest" errors="0" failures="0" skipped="1" tests="80" time="1.258" timestamp="2025-10-27T22:59:58.404357+00:00" hostname="0c9cb8899627"><testcase classname="tests.test_api" name="test_gateway_is_exposed_on_top_level" time="0.001" /><testcase classname="tests.test_api" name="test_api_construct" time="0.002" /><testcase classname="tests.test_api" name="test_api_close" time="0.001" /><testcase classname="tests.test_api_auth" name="test_initial_login_and_validate" time="0.026" /><testcase classname="tests.test_api_auth" name="test_proactive_relogin_when_expiring" time="0.014" /><testcase classname="tests.test_api_auth" name="test_reactive_refresh_on_401_retry_once" time="0.015" /><testcase classname="tests.test_api_auth" name="test_revoke_swallows_errors" time="0.015" /><testcase classname="tests.test_api_response" name="test_api_response_success" time="0.001" /><testcase classname="tests.test_api_response" name="test_api_response_client_error" time="0.001" /><testcase classname="tests.test_api_response" name="test_api_response_server_error" time="0.001" /><testcase classname="tests.test_api_response" name="test_api_response_list" time="0.001" /><testcase classname="tests.test_api_response" name="test_api_response_with_headers" time="0.001" /><testcase classname="tests.test_catalog_permissions" name="test_filter_with_level1_permissions" time="0.001" /><testcase classname="tests.test_catalog_permissions" name="test_filter_with_admin_permissions" time="0.001" /><testcase classname="tests.test_catalog_permissions" name="test_filter_with_empty_permissions" time="0.001" /><testcase classname="tests.test_catalog_permissions" name="test_a_prefix_permission_matching" time="0.001" /><testcase classname="tests.test_catalog_permissions" name="test_parameter_filtering_level1" time="0.001" /><testcase classname="tests.test_catalog_permissions" name="test_parameter_filtering_admin" time="0.001" /><testcase classname="tests.test_catalog_permissions" name="test_a_prefix_parameter_filtering" time="0.001" /><testcase classname="tests.test_catalog_permissions" name="test_missing_parameters_field" time="0.001" /><testcase classname="tests.test_catalog_permissions" name="test_missing_meta_parameters_field" time="0.001" /><testcase classname="tests.test_catalog_permissions" name="test_debug_mode_includes_hidden_routes" time="0.001" /><testcase classname="tests.test_i18n_parser.TestI18nParser" name="test_basic_i18n_loading" time="0.003" /><testcase classname="tests.test_i18n_parser.TestI18nParser" name="test_i18n_not_found" time="0.002" /><testcase classname="tests.test_i18n_parser.TestI18nParser" name="test_i18n_complex_structure" time="0.002" /><testcase classname="tests.test_i18n_parser.TestI18nParser" name="test_i18n_malformed_javascript" time="0.002" /><testcase classname="tests.test_i18n_parser.TestI18nParser" name="test_i18n_various_import_formats" time="0.003" /><testcase classname="tests.test_i18n_parser.TestI18nParser" name="test_i18n_unicode_content" time="0.002" /><testcase classname="tests.test_menu_integration" name="test_clean_menu_models_with_real_data" time="0.001"><skipped type="pytest.skip" message="Real test data file not available">/workspaces/py-bragerone/tests/test_menu_integration.py:19: Real test data file not available</skipped></testcase><testcase classname="tests.test_menu_integration" name="test_menu_result_statistics" time="0.001" /><testcase classname="tests.test_menu_manager" name="test_menu_manager_basic_processing" time="0.001" /><testcase classname="tests.test_menu_manager" name="test_permission_filter_hides_routes" time="0.001" /><testcase classname="tests.test_menu_manager" name="test_debug_mode_includes_hidden_routes" time="0.001" /><testcase classname="tests.test_menu_manager" name="test_hidden_children_removed_without_permission" time="0.001" /><testcase classname="tests.test_menu_manager" name="test_debug_mode_keeps_hidden_children" time="0.001" /><testcase classname="tests.test_menu_manager" name="test_raw_menu_data_route_count" time="0.001" /><testcase classname="tests.test_menu_manager" name="test_catalog_integration" time="0.002" /><testcase classname="tests.test_menu_models" name="test_menu_parameter_extraction" time="0.001" /><testcase classname="tests.test_menu_models" name="test_menu_parameter_uppercase_format" time="0.001" /><testcase classname="tests.test_menu_models" name="test_menu_parameters_collection" time="0.001" /><testcase classname="tests.test_menu_models" name="test_menu_meta_icon_cleanup" time="0.001" /><testcase classname="tests.test_menu_models" name="test_menu_route_full" time="0.001" /><testcase classname="tests.test_menu_models" name="test_menu_result_full" time="0.001" /><testcase classname="tests.test_menu_models" name="test_permission_prefix_variations" time="0.001" /><testcase classname="tests.test_menu_models" name="test_parameter_regex_edge_cases" time="0.001" /><testcase classname="tests.test_param_store_i18n_integration.TestParamStoreI18nIntegration" name="test_param_store_with_i18n" time="0.003" /><testcase classname="tests.test_param_store_i18n_integration.TestParamStoreI18nIntegration" name="test_param_store_resolve_labels_and_units" time="0.003" /><testcase classname="tests.test_param_store_i18n_integration.TestParamStoreI18nIntegration" name="test_language_config_integration" time="0.002" /><testcase classname="tests.test_param_store_i18n_integration.TestParamStoreI18nIntegration" name="test_param_store_language_fallback" time="0.002" /><testcase classname="tests.test_parser_resilience.TestParserResilience" name="test_var_assignment" time="0.002" /><testcase classname="tests.test_parser_resilience.TestParserResilience" name="test_const_assignment" time="0.002" /><testcase classname="tests.test_parser_resilience.TestParserResilience" name="test_export_default" time="0.001" /><testcase classname="tests.test_parser_resilience.TestParserResilience" name="test_window_assignment" time="0.001" /><testcase classname="tests.test_parser_resilience.TestParserResilience" name="test_minified_code" time="0.001" /><testcase classname="tests.test_parser_resilience.TestParserResilience" name="test_nested_objects" time="0.002" /><testcase classname="tests.test_parser_resilience.TestParserResilience" name="test_invalid_empty_file" time="0.185" /><testcase classname="tests.test_parser_resilience.TestParserResilience" name="test_invalid_syntax_error" time="0.002" /><testcase classname="tests.test_parser_resilience.TestParserResilience" name="test_invalid_no_language_config" time="0.001" /><testcase classname="tests.test_parser_resilience.TestParserResilience" name="test_invalid_missing_translations" time="0.002" /><testcase classname="tests.test_parser_resilience.TestParserResilience" name="test_invalid_missing_default_translation" time="0.001" /><testcase classname="tests.test_parser_resilience.TestParserResilience" name="test_unicode_handling" time="0.002" /><testcase classname="tests.test_parser_resilience.TestParserResilience" name="test_boolean_types" time="0.002" /><testcase classname="tests.test_parser_resilience.TestParserResilience" name="test_array_threshold" time="0.002" /><testcase classname="tests.test_parser_resilience.TestParserResilience" name="test_realistic_bragerone_structure" time="0.002" /><testcase classname="tests.test_parser_strengths.TestParserStrengths" name="test_variable_name_independence_showcase" time="0.002" /><testcase classname="tests.test_parser_strengths.TestParserStrengths" name="test_minification_resilience_showcase" time="0.002" /><testcase classname="tests.test_parser_strengths.TestParserStrengths" name="test_structure_recognition_showcase" time="0.002" /><testcase classname="tests.test_parser_strengths.TestParserStrengths" name="test_robustness_against_invalid_data_showcase" time="0.175" /><testcase classname="tests.test_parser_strengths.TestParserStrengths" name="test_threshold_validation_showcase" time="0.002" /><testcase classname="tests.test_parser_strengths.TestParserStrengths" name="test_production_ready_showcase" time="0.003" /><testcase classname="tests.test_permission" name="test_permission_from_string" time="0.001" /><testcase classname="tests.test_permission" name="test_permission_model_validate_string" time="0.001" /><testcase classname="tests.test_permission" name="test_permission_model_validate_dict" time="0.001" /><testcase classname="tests.test_permission" name="test_permission_model_validate_permission" time="0.001" /><testcase classname="tests.test_permission" name="test_permission_equality" time="0.001" /><testcase classname="tests.test_permission" name="test_permission_hashable" time="0.001" /><testcase classname="tests.test_permission" name="test_permission_in_list" time="0.001" /><testcase classname="tests.test_permission" name="test_permission_invalid_type" time="0.001" /><testcase classname="tests.test_permission" name="test_permission_list_from_api_response" time="0.001" /><testcase classname="tests.test_version" name="test_version_string_is_parseable" time="0.002" /></testsuite></testsuites>